 geomlibs test environment -- command line arguments:
 Tail of argv[0] = bsigeomtest8.exe
<OK name="init"><DRange2d::NULL/></OK>
<OK name="initFrom (xyxy)"><DRange2d>
    <DPoint2d name="low">1,2</DPoint2d>
    <DPoint2d name="high">2.5,4.3</DPoint2d></DRange2d></OK>
<OK name="DRange2d.isNull()"><bool::true/></OK>
<OK name="DRange2d.isNull()"><bool::false/></OK>
<OK name="DRange2d.extentSquared"><double>13</double></OK>
<OK name="DRange2d.area"><double>6</double></OK>
<OK name="DRange2d.isPoint ()"><bool::false/></OK>
<OK name="DRange2d.isEmpty()"><bool::false/></OK>
<OK name="DRange2d.isPoint ()"><bool::true/></OK>
<OK name="DRange2d.isEmpty()"><bool::false/></OK>
<OK name="DRange2d.isEmpty() on x"><bool::true/></OK>
<OK name="DRange2d.isEmpty() on y"><bool::true/></OK>
<OK name="DRange2d::initFrom(x,y)==initFrom(point)"><DRange2d>
    <DPoint2d name="low">3,4</DPoint2d>
    <DPoint2d name="high">3,4</DPoint2d></DRange2d></OK>
<OK name="DRange2d::initFrom (P,Q) order"><DRange2d>
    <DPoint2d name="low">1,2.3</DPoint2d>
    <DPoint2d name="high">3,4</DPoint2d></DRange2d></OK>
<OK name="DRange2d::initFrom(x,y,x,y) order"><DRange2d>
    <DPoint2d name="low">1,2.3</DPoint2d>
    <DPoint2d name="high">3,4</DPoint2d></DRange2d></OK>
<OK name="DRange2d::initFrom"><DRange2d>
    <DPoint2d name="low">1,2.3</DPoint2d>
    <DPoint2d name="high">3,4</DPoint2d></DRange2d></OK>
<OK name="DRange2d init from same point"><DRange2d>
    <DPoint2d name="low">6.1,4.2</DPoint2d>
    <DPoint2d name="high">6.1,4.2</DPoint2d></DRange2d></OK>
<OK name="Arc Containment"><bool::true/></OK>
<OK name="unit arc sweep range"><bool::true/></OK>
<OK name="Arc Containment"><bool::true/></OK>
<OK name="unit arc sweep range"><bool::true/></OK>
<OK name="Arc Containment"><bool::true/></OK>
<OK name="unit arc sweep range"><bool::true/></OK>
<OK name="Arc Containment"><bool::true/></OK>
<OK name="unit arc sweep range"><bool::true/></OK>
<OK name="Arc Containment"><bool::true/></OK>
<OK name="unit arc sweep range"><bool::true/></OK>
<OK name="Arc Containment"><bool::true/></OK>
<OK name="unit arc sweep range"><bool::true/></OK>
<OK name="Arc Containment"><bool::true/></OK>
<OK name="unit arc sweep range"><bool::true/></OK>
<OK name="Arc Containment"><bool::true/></OK>
<OK name="unit arc sweep range"><bool::true/></OK>
<OK name="Arc Containment"><bool::true/></OK>
<OK name="unit arc sweep range"><bool::true/></OK>
<OK name="Arc Containment"><bool::true/></OK>
<OK name="unit arc sweep range"><bool::true/></OK>
<OK name="Arc Containment"><bool::true/></OK>
<OK name="unit arc sweep range"><bool::true/></OK>
<OK name="Arc Containment"><bool::true/></OK>
<OK name="unit arc sweep range"><bool::true/></OK>
<OK name="Arc Containment"><bool::true/></OK>
<OK name="unit arc sweep range"><bool::true/></OK>
<OK name="Arc Containment"><bool::true/></OK>
<OK name="unit arc sweep range"><bool::true/></OK>
<OK name="Arc Containment"><bool::true/></OK>
<OK name="unit arc sweep range"><bool::true/></OK>
<OK name="Arc Containment"><bool::true/></OK>
<OK name="unit arc sweep range"><bool::true/></OK>
<OK name="Arc Containment"><bool::true/></OK>
<OK name="unit arc sweep range"><bool::true/></OK>
<OK name="Arc Containment"><bool::true/></OK>
<OK name="unit arc sweep range"><bool::true/></OK>
<OK name="Arc Containment"><bool::true/></OK>
<OK name="unit arc sweep range"><bool::true/></OK>
<OK name="Arc Containment"><bool::true/></OK>
<OK name="unit arc sweep range"><bool::true/></OK>
<OK name="Arc Containment"><bool::true/></OK>
<OK name="unit arc sweep range"><bool::true/></OK>
<OK name="Arc Containment"><bool::true/></OK>
<OK name="unit arc sweep range"><bool::true/></OK>
<OK name="Arc Containment"><bool::true/></OK>
<OK name="unit arc sweep range"><bool::true/></OK>
<OK name="Arc Containment"><bool::true/></OK>
<OK name="unit arc sweep range"><bool::true/></OK>
<OK name="Arc Containment"><bool::true/></OK>
<OK name="unit arc sweep range"><bool::true/></OK>
<OK name="Arc Containment"><bool::true/></OK>
<OK name="unit arc sweep range"><bool::true/></OK>
<OK name="Arc Containment"><bool::true/></OK>
<OK name="unit arc sweep range"><bool::true/></OK>
<OK name="Arc Containment"><bool::true/></OK>
<OK name="unit arc sweep range"><bool::true/></OK>
<OK name="Arc Containment"><bool::true/></OK>
<OK name="unit arc sweep range"><bool::true/></OK>
<OK name="Arc Containment"><bool::true/></OK>
<OK name="unit arc sweep range"><bool::true/></OK>
<OK name="Arc Containment"><bool::true/></OK>
<OK name="unit arc sweep range"><bool::true/></OK>
<OK name="Arc Containment"><bool::true/></OK>
<OK name="unit arc sweep range"><bool::true/></OK>
<OK name="Arc Containment"><bool::true/></OK>
<OK name="unit arc sweep range"><bool::true/></OK>
<OK name="Arc Containment"><bool::true/></OK>
<OK name="unit arc sweep range"><bool::true/></OK>
<OK name="Arc Containment"><bool::true/></OK>
<OK name="unit arc sweep range"><bool::true/></OK>
<OK name="Arc Containment"><bool::true/></OK>
<OK name="unit arc sweep range"><bool::true/></OK>
<OK name="Arc Containment"><bool::true/></OK>
<OK name="unit arc sweep range"><bool::true/></OK>
<OK name="Arc Containment"><bool::true/></OK>
<OK name="unit arc sweep range"><bool::true/></OK>
<OK name="Arc Containment"><bool::true/></OK>
<OK name="unit arc sweep range"><bool::true/></OK>
<OK name="Arc Containment"><bool::true/></OK>
<OK name="unit arc sweep range"><bool::true/></OK>
<OK name="Arc Containment"><bool::true/></OK>
<OK name="unit arc sweep range"><bool::true/></OK>
<OK name="Arc Containment"><bool::true/></OK>
<OK name="unit arc sweep range"><bool::true/></OK>
<OK name="Arc Containment"><bool::true/></OK>
<OK name="unit arc sweep range"><bool::true/></OK>
<OK name="Arc Containment"><bool::true/></OK>
<OK name="unit arc sweep range"><bool::true/></OK>
<OK name="Arc Containment"><bool::true/></OK>
<OK name="unit arc sweep range"><bool::true/></OK>
<OK name="Arc Containment"><bool::true/></OK>
<OK name="unit arc sweep range"><bool::true/></OK>
<OK name="Arc Containment"><bool::true/></OK>
<OK name="unit arc sweep range"><bool::true/></OK>
<OK name="Arc Containment"><bool::true/></OK>
<OK name="unit arc sweep range"><bool::true/></OK>
<OK name="Arc Containment"><bool::true/></OK>
<OK name="unit arc sweep range"><bool::true/></OK>
<OK name="Arc Containment"><bool::true/></OK>
<OK name="unit arc sweep range"><bool::true/></OK>
<OK name="Arc Containment"><bool::true/></OK>
<OK name="unit arc sweep range"><bool::true/></OK>
<OK name="Arc Containment"><bool::true/></OK>
<OK name="unit arc sweep range"><bool::true/></OK>
<OK name="Arc Containment"><bool::true/></OK>
<OK name="unit arc sweep range"><bool::true/></OK>
<OK name="Arc Containment"><bool::true/></OK>
<OK name="unit arc sweep range"><bool::true/></OK>
<OK name="Arc Containment"><bool::true/></OK>
<OK name="unit arc sweep range"><bool::true/></OK>
<OK name="Arc Containment"><bool::true/></OK>
<OK name="unit arc sweep range"><bool::true/></OK>
<OK name="Arc Containment"><bool::true/></OK>
<OK name="unit arc sweep range"><bool::true/></OK>
<OK name="Arc Containment"><bool::true/></OK>
<OK name="unit arc sweep range"><bool::true/></OK>
<OK name="Arc Containment"><bool::true/></OK>
<OK name="unit arc sweep range"><bool::true/></OK>
<OK name="Arc Containment"><bool::true/></OK>
<OK name="unit arc sweep range"><bool::true/></OK>
<OK name="Arc Containment"><bool::true/></OK>
<OK name="unit arc sweep range"><bool::true/></OK>
<OK name="Arc Containment"><bool::true/></OK>
<OK name="unit arc sweep range"><bool::true/></OK>
<OK name="Arc Containment"><bool::true/></OK>
<OK name="unit arc sweep range"><bool::true/></OK>
Exit with 0 errors, 143 OK
