 geomlibs test environment -- command line arguments:
 Tail of argv[0] = bsigeomtest1.exe
<OK name="_isTranslate"><int>0</int></OK>
<OK name="bsiPolygon_closestPoint (OUT UP)"><int>1</int></OK>
<OK name="midEdge"><DPoint3d>0,0.5,0</DPoint3d></OK>
<OK name="bsiPolygon_closestPoint (OUTCORNER UP)"><int>1</int></OK>
<OK name="corner"><DPoint3d>0,1,0</DPoint3d></OK>
<OK name="bsiPolygon_closestPoint (IN UP)"><int>2</int></OK>
<OK name="interior"><DPoint3d>0.5,0.5,0</DPoint3d></OK>
<OK name="bsiPolygon_closestPoint (IN UP)"><int>2</int></OK>
<OK name="interior"><DPoint3d>0.5,0.5,0</DPoint3d></OK>
<OK name="chord.EllipseTangent"><double>-8.32667e-017</double></OK>
<OK name="chord.RayTangent"><double>2.22045e-016</double></OK>
<OK name="chord.EllipseTangent"><double>5.55112e-017</double></OK>
<OK name="chord.RayTangent"><double>2.77556e-016</double></OK>
<OK name="bsiTransform_isMirrorAboutPlane (I)"><int>0</int></OK>
<OK name="bsiTransform_isMirrorAboutPlane (origin, normal)"><int>1</int></OK>
<OK name="bsiTransform_isMirrorAboutPlane (origin, normal)"><int>1</int></OK>
<OK name="parsed origin"><DPoint3d>1.73684,1.15789,2.89474</DPoint3d></OK>
<OK name="parsed normal"<DVec3d>0.486664,0.324443,0.811107</DVec3d>/>
<OK name="get standard view"><bool::true/></OK>
<OK name="rigid"><bool::true/></OK>
<OK name="get standard view"><bool::true/></OK>
<OK name="rigid"><bool::true/></OK>
<OK name="get standard view"><bool::true/></OK>
<OK name="rigid"><bool::true/></OK>
<OK name="get standard view"><bool::true/></OK>
<OK name="rigid"><bool::true/></OK>
<OK name="get standard view"><bool::true/></OK>
<OK name="rigid"><bool::true/></OK>
<OK name="get standard view"><bool::true/></OK>
<OK name="rigid"><bool::true/></OK>
<OK name="get standard view"><bool::true/></OK>
<OK name="rigid"><bool::true/></OK>
<OK name="get standard view"><bool::true/></OK>
<OK name="rigid"><bool::true/></OK>
<OK name="isRotationFromStandardView"><int>1</int></OK>
<OK name="axis index"><int>0</int></OK>
<OK name="rotation angle"><double>0.174533</double></OK>
<OK name="View index"><int>1</int></OK>
<OK name="isRotationFromStandardView"><int>1</int></OK>
<OK name="axis index"><int>1</int></OK>
<OK name="rotation angle"><double>0.191986</double></OK>
<OK name="View index"><int>1</int></OK>
<OK name="isRotationFromStandardView"><int>1</int></OK>
<OK name="axis index"><int>2</int></OK>
<OK name="rotation angle"><double>0.383972</double></OK>
<OK name="View index"><int>1</int></OK>
<OK name="isRotationFromStandardView"><int>1</int></OK>
<OK name="axis index"><int>1</int></OK>
<OK name="rotation angle"><double>0.226893</double></OK>
<OK name="View index"><int>5</int></OK>
<OK name="isRotationFromStandardView"><int>1</int></OK>
<OK name="axis index"><int>2</int></OK>
<OK name="rotation angle"><double>0.244346</double></OK>
<OK name="View index"><int>5</int></OK>
<OK name="isRotationFromStandardView"><int>1</int></OK>
<OK name="axis index"><int>0</int></OK>
<OK name="rotation angle"><double>0.261799</double></OK>
<OK name="View index"><int>4</int></OK>
<OK name="isRotationFromStandardView"><int>1</int></OK>
<OK name="axis index"><int>2</int></OK>
<OK name="rotation angle"><double>0.279253</double></OK>
<OK name="View index"><int>4</int></OK>
<OK name="isRotationFromStandardView"><int>1</int></OK>
<OK name="axis index"><int>0</int></OK>
<OK name="rotation angle"><double>0.296706</double></OK>
<OK name="View index"><int>3</int></OK>
<OK name="isRotationFromStandardView"><int>1</int></OK>
<OK name="axis index"><int>2</int></OK>
<OK name="rotation angle"><double>0.314159</double></OK>
<OK name="View index"><int>3</int></OK>
<OK name="isRotationFromStandardView"><int>1</int></OK>
<OK name="axis index"><int>0</int></OK>
<OK name="rotation angle"><double>0.331613</double></OK>
<OK name="View index"><int>6</int></OK>
<OK name="isRotationFromStandardView"><int>1</int></OK>
<OK name="axis index"><int>2</int></OK>
<OK name="rotation angle"><double>0.349066</double></OK>
<OK name="View index"><int>6</int></OK>
<OK name="isRotationFromStandardView"><int>1</int></OK>
<OK name="axis index"><int>1</int></OK>
<OK name="rotation angle"><double>0.366519</double></OK>
<OK name="View index"><int>2</int></OK>
<OK name="isRotationFromStandardView"><int>1</int></OK>
<OK name="axis index"><int>2</int></OK>
<OK name="rotation angle"><double>0.383972</double></OK>
<OK name="View index"><int>2</int></OK>
<OK name="isRotationFromStandardView"><int>1</int></OK>
<OK name="axis index"><int>2</int></OK>
<OK name="rotation angle"><double>0.383972</double></OK>
<OK name="View index"><int>7</int></OK>
<OK name="isRotationFromStandardView"><int>1</int></OK>
<OK name="axis index"><int>2</int></OK>
<OK name="rotation angle"><double>0.401426</double></OK>
<OK name="View index"><int>8</int></OK>
<OK name="Triangle Closest Point Above Interior"><DPoint3d>0.442,0.01,0</DPoint3d></OK>
<OK name="Tri minDist uvw->xyz Above Interior"><DPoint3d>0.442,0.01,0</DPoint3d></OK>
<OK name="Triangle Closest Point Above Edge"><DPoint3d>0.442,0,0</DPoint3d></OK>
<OK name="Tri minDist uvw->xyz Above Edge"><DPoint3d>0.442,0,0</DPoint3d></OK>
<OK name="Triangle Closest Point Above Exterior"><DPoint3d>0.442,0,0</DPoint3d></OK>
<OK name="Tri minDist uvw->xyz Above Exterior"><DPoint3d>0.442,0,0</DPoint3d></OK>
<OK name="Triangle Closest Point Above Corner"><DPoint3d>0,0,0</DPoint3d></OK>
<OK name="Tri minDist uvw->xyz Above Corner"><DPoint3d>0,0,0</DPoint3d></OK>
<OK name="Triangle Closest Point ON Interior"><DPoint3d>0.442,0.01,0</DPoint3d></OK>
<OK name="Tri minDist uvw->xyz ON Interior"><DPoint3d>0.442,0.01,0</DPoint3d></OK>
<OK name="Triangle Closest Point ON Edge"><DPoint3d>0.442,0,0</DPoint3d></OK>
<OK name="Tri minDist uvw->xyz ON Edge"><DPoint3d>0.442,0,0</DPoint3d></OK>
<OK name="Triangle Closest Point ON Exterior"><DPoint3d>0.442,0,0</DPoint3d></OK>
<OK name="Tri minDist uvw->xyz ON Exterior"><DPoint3d>0.442,0,0</DPoint3d></OK>
<OK name="Triangle Closest Point ON Corner"><DPoint3d>0,0,0</DPoint3d></OK>
<OK name="Tri minDist uvw->xyz ON Corner"><DPoint3d>0,0,0</DPoint3d></OK>
<OK name="Triangle Closest Point Below Interior"><DPoint3d>0.442,0.01,0</DPoint3d></OK>
<OK name="Tri minDist uvw->xyz Below Interior"><DPoint3d>0.442,0.01,0</DPoint3d></OK>
<OK name="Triangle Closest Point Below Edge"><DPoint3d>0.442,0,0</DPoint3d></OK>
<OK name="Tri minDist uvw->xyz Below Edge"><DPoint3d>0.442,0,0</DPoint3d></OK>
<OK name="Triangle Closest Point Below Exterior"><DPoint3d>0.442,0,0</DPoint3d></OK>
<OK name="Tri minDist uvw->xyz Below Exterior"><DPoint3d>0.442,0,0</DPoint3d></OK>
<OK name="Triangle Closest Point Below Corner"><DPoint3d>0,0,0</DPoint3d></OK>
<OK name="Tri minDist uvw->xyz Below Corner"><DPoint3d>0,0,0</DPoint3d></OK>
<OK name="Triangle Closest Point Above Interior"><DPoint3d>0.548,0.432,0</DPoint3d></OK>
<OK name="Tri minDist uvw->xyz Above Interior"><DPoint3d>0.548,0.432,0</DPoint3d></OK>
<OK name="Triangle Closest Point Above Edge"><DPoint3d>0.558,0.442,0</DPoint3d></OK>
<OK name="Tri minDist uvw->xyz Above Edge"><DPoint3d>0.558,0.442,0</DPoint3d></OK>
<OK name="Triangle Closest Point Above Exterior"><DPoint3d>0.558,0.442,0</DPoint3d></OK>
<OK name="Tri minDist uvw->xyz Above Exterior"><DPoint3d>0.558,0.442,0</DPoint3d></OK>
<OK name="Triangle Closest Point Above Corner"><DPoint3d>1,0,0</DPoint3d></OK>
<OK name="Tri minDist uvw->xyz Above Corner"><DPoint3d>1,0,0</DPoint3d></OK>
<OK name="Triangle Closest Point ON Interior"><DPoint3d>0.548,0.432,0</DPoint3d></OK>
<OK name="Tri minDist uvw->xyz ON Interior"><DPoint3d>0.548,0.432,0</DPoint3d></OK>
<OK name="Triangle Closest Point ON Edge"><DPoint3d>0.558,0.442,0</DPoint3d></OK>
<OK name="Tri minDist uvw->xyz ON Edge"><DPoint3d>0.558,0.442,0</DPoint3d></OK>
<OK name="Triangle Closest Point ON Exterior"><DPoint3d>0.558,0.442,0</DPoint3d></OK>
<OK name="Tri minDist uvw->xyz ON Exterior"><DPoint3d>0.558,0.442,0</DPoint3d></OK>
<OK name="Triangle Closest Point ON Corner"><DPoint3d>1,0,0</DPoint3d></OK>
<OK name="Tri minDist uvw->xyz ON Corner"><DPoint3d>1,0,0</DPoint3d></OK>
<OK name="Triangle Closest Point Below Interior"><DPoint3d>0.548,0.432,0</DPoint3d></OK>
<OK name="Tri minDist uvw->xyz Below Interior"><DPoint3d>0.548,0.432,0</DPoint3d></OK>
<OK name="Triangle Closest Point Below Edge"><DPoint3d>0.558,0.442,0</DPoint3d></OK>
<OK name="Tri minDist uvw->xyz Below Edge"><DPoint3d>0.558,0.442,0</DPoint3d></OK>
<OK name="Triangle Closest Point Below Exterior"><DPoint3d>0.558,0.442,0</DPoint3d></OK>
<OK name="Tri minDist uvw->xyz Below Exterior"><DPoint3d>0.558,0.442,0</DPoint3d></OK>
<OK name="Triangle Closest Point Below Corner"><DPoint3d>1,0,0</DPoint3d></OK>
<OK name="Tri minDist uvw->xyz Below Corner"><DPoint3d>1,0,0</DPoint3d></OK>
<OK name="Triangle Closest Point Above Interior"><DPoint3d>0.01,0.558,0</DPoint3d></OK>
<OK name="Tri minDist uvw->xyz Above Interior"><DPoint3d>0.01,0.558,0</DPoint3d></OK>
<OK name="Triangle Closest Point Above Edge"><DPoint3d>0,0.558,0</DPoint3d></OK>
<OK name="Tri minDist uvw->xyz Above Edge"><DPoint3d>0,0.558,0</DPoint3d></OK>
<OK name="Triangle Closest Point Above Exterior"><DPoint3d>0,0.558,0</DPoint3d></OK>
<OK name="Tri minDist uvw->xyz Above Exterior"><DPoint3d>0,0.558,0</DPoint3d></OK>
<OK name="Triangle Closest Point Above Corner"><DPoint3d>0,1,0</DPoint3d></OK>
<OK name="Tri minDist uvw->xyz Above Corner"><DPoint3d>0,1,0</DPoint3d></OK>
<OK name="Triangle Closest Point ON Interior"><DPoint3d>0.01,0.558,0</DPoint3d></OK>
<OK name="Tri minDist uvw->xyz ON Interior"><DPoint3d>0.01,0.558,0</DPoint3d></OK>
<OK name="Triangle Closest Point ON Edge"><DPoint3d>0,0.558,0</DPoint3d></OK>
<OK name="Tri minDist uvw->xyz ON Edge"><DPoint3d>0,0.558,0</DPoint3d></OK>
<OK name="Triangle Closest Point ON Exterior"><DPoint3d>0,0.558,0</DPoint3d></OK>
<OK name="Tri minDist uvw->xyz ON Exterior"><DPoint3d>0,0.558,0</DPoint3d></OK>
<OK name="Triangle Closest Point ON Corner"><DPoint3d>0,1,0</DPoint3d></OK>
<OK name="Tri minDist uvw->xyz ON Corner"><DPoint3d>0,1,0</DPoint3d></OK>
<OK name="Triangle Closest Point Below Interior"><DPoint3d>0.01,0.558,0</DPoint3d></OK>
<OK name="Tri minDist uvw->xyz Below Interior"><DPoint3d>0.01,0.558,0</DPoint3d></OK>
<OK name="Triangle Closest Point Below Edge"><DPoint3d>0,0.558,0</DPoint3d></OK>
<OK name="Tri minDist uvw->xyz Below Edge"><DPoint3d>0,0.558,0</DPoint3d></OK>
<OK name="Triangle Closest Point Below Exterior"><DPoint3d>0,0.558,0</DPoint3d></OK>
<OK name="Tri minDist uvw->xyz Below Exterior"><DPoint3d>0,0.558,0</DPoint3d></OK>
<OK name="Triangle Closest Point Below Corner"><DPoint3d>0,1,0</DPoint3d></OK>
<OK name="Tri minDist uvw->xyz Below Corner"><DPoint3d>0,1,0</DPoint3d></OK>
<OK name="Triangle Closest Point Above Interior"><DPoint3d>-0.908295,-0.20753,4.06916</DPoint3d></OK>
<OK name="Tri minDist uvw->xyz Above Interior"><DPoint3d>-0.908295,-0.20753,4.06916</DPoint3d></OK>
<OK name="Triangle Closest Point Above Edge"><DPoint3d>-0.8564,-0.2542,4.0608</DPoint3d></OK>
<OK name="Tri minDist uvw->xyz Above Edge"><DPoint3d>-0.8564,-0.2542,4.0608</DPoint3d></OK>
<OK name="Triangle Closest Point Above Exterior"><DPoint3d>-0.8564,-0.2542,4.0608</DPoint3d></OK>
<OK name="Tri minDist uvw->xyz Above Exterior"><DPoint3d>-0.8564,-0.2542,4.0608</DPoint3d></OK>
<OK name="Triangle Closest Point Above Corner"><DPoint3d>1,2,3</DPoint3d></OK>
<OK name="Tri minDist uvw->xyz Above Corner"><DPoint3d>1,2,3</DPoint3d></OK>
<OK name="Triangle Closest Point ON Interior"><DPoint3d>-0.908295,-0.20753,4.06916</DPoint3d></OK>
<OK name="Tri minDist uvw->xyz ON Interior"><DPoint3d>-0.908295,-0.20753,4.06916</DPoint3d></OK>
<OK name="Triangle Closest Point ON Edge"><DPoint3d>-0.8564,-0.2542,4.0608</DPoint3d></OK>
<OK name="Tri minDist uvw->xyz ON Edge"><DPoint3d>-0.8564,-0.2542,4.0608</DPoint3d></OK>
<OK name="Triangle Closest Point ON Exterior"><DPoint3d>-0.8564,-0.2542,4.0608</DPoint3d></OK>
<OK name="Tri minDist uvw->xyz ON Exterior"><DPoint3d>-0.8564,-0.2542,4.0608</DPoint3d></OK>
<OK name="Triangle Closest Point ON Corner"><DPoint3d>1,2,3</DPoint3d></OK>
<OK name="Tri minDist uvw->xyz ON Corner"><DPoint3d>1,2,3</DPoint3d></OK>
<OK name="Triangle Closest Point Below Interior"><DPoint3d>-0.908295,-0.20753,4.06916</DPoint3d></OK>
<OK name="Tri minDist uvw->xyz Below Interior"><DPoint3d>-0.908295,-0.20753,4.06916</DPoint3d></OK>
<OK name="Triangle Closest Point Below Edge"><DPoint3d>-0.8564,-0.2542,4.0608</DPoint3d></OK>
<OK name="Tri minDist uvw->xyz Below Edge"><DPoint3d>-0.8564,-0.2542,4.0608</DPoint3d></OK>
<OK name="Triangle Closest Point Below Exterior"><DPoint3d>-0.8564,-0.2542,4.0608</DPoint3d></OK>
<OK name="Tri minDist uvw->xyz Below Exterior"><DPoint3d>-0.8564,-0.2542,4.0608</DPoint3d></OK>
<OK name="Triangle Closest Point Below Corner"><DPoint3d>1,2,3</DPoint3d></OK>
<OK name="Tri minDist uvw->xyz Below Corner"><DPoint3d>1,2,3</DPoint3d></OK>
<OK name="Triangle Closest Point Above Interior"><DPoint3d>-1.55993,1.01278,4.05092</DPoint3d></OK>
<OK name="Tri minDist uvw->xyz Above Interior"><DPoint3d>-1.55993,1.01278,4.05092</DPoint3d></OK>
<OK name="Triangle Closest Point Above Edge"><DPoint3d>-1.653,1.0548,4.074</DPoint3d></OK>
<OK name="Tri minDist uvw->xyz Above Edge"><DPoint3d>-1.653,1.0548,4.074</DPoint3d></OK>
<OK name="Triangle Closest Point Above Exterior"><DPoint3d>-1.653,1.0548,4.074</DPoint3d></OK>
<OK name="Tri minDist uvw->xyz Above Exterior"><DPoint3d>-1.653,1.0548,4.074</DPoint3d></OK>
<OK name="Triangle Closest Point Above Corner"><DPoint3d>-3.2,-3.1,5.4</DPoint3d></OK>
<OK name="Tri minDist uvw->xyz Above Corner"><DPoint3d>-3.2,-3.1,5.4</DPoint3d></OK>
<OK name="Triangle Closest Point ON Interior"><DPoint3d>-1.55993,1.01278,4.05092</DPoint3d></OK>
<OK name="Tri minDist uvw->xyz ON Interior"><DPoint3d>-1.55993,1.01278,4.05092</DPoint3d></OK>
<OK name="Triangle Closest Point ON Edge"><DPoint3d>-1.653,1.0548,4.074</DPoint3d></OK>
<OK name="Tri minDist uvw->xyz ON Edge"><DPoint3d>-1.653,1.0548,4.074</DPoint3d></OK>
<OK name="Triangle Closest Point ON Exterior"><DPoint3d>-1.653,1.0548,4.074</DPoint3d></OK>
<OK name="Tri minDist uvw->xyz ON Exterior"><DPoint3d>-1.653,1.0548,4.074</DPoint3d></OK>
<OK name="Triangle Closest Point ON Corner"><DPoint3d>-3.2,-3.1,5.4</DPoint3d></OK>
<OK name="Tri minDist uvw->xyz ON Corner"><DPoint3d>-3.2,-3.1,5.4</DPoint3d></OK>
<OK name="Triangle Closest Point Below Interior"><DPoint3d>-1.55993,1.01278,4.05092</DPoint3d></OK>
<OK name="Tri minDist uvw->xyz Below Interior"><DPoint3d>-1.55993,1.01278,4.05092</DPoint3d></OK>
<OK name="Triangle Closest Point Below Edge"><DPoint3d>-1.653,1.0548,4.074</DPoint3d></OK>
<OK name="Tri minDist uvw->xyz Below Edge"><DPoint3d>-1.653,1.0548,4.074</DPoint3d></OK>
<OK name="Triangle Closest Point Below Exterior"><DPoint3d>-1.653,1.0548,4.074</DPoint3d></OK>
<OK name="Tri minDist uvw->xyz Below Exterior"><DPoint3d>-1.653,1.0548,4.074</DPoint3d></OK>
<OK name="Triangle Closest Point Below Corner"><DPoint3d>-3.2,-3.1,5.4</DPoint3d></OK>
<OK name="Tri minDist uvw->xyz Below Corner"><DPoint3d>-3.2,-3.1,5.4</DPoint3d></OK>
<OK name="Triangle Closest Point Above Interior"><DPoint3d>0.568222,4.39475,2.67992</DPoint3d></OK>
<OK name="Tri minDist uvw->xyz Above Interior"><DPoint3d>0.568222,4.39475,2.67992</DPoint3d></OK>
<OK name="Triangle Closest Point Above Edge"><DPoint3d>0.6094,4.3994,2.6652</DPoint3d></OK>
<OK name="Tri minDist uvw->xyz Above Edge"><DPoint3d>0.6094,4.3994,2.6652</DPoint3d></OK>
<OK name="Triangle Closest Point Above Exterior"><DPoint3d>0.6094,4.3994,2.6652</DPoint3d></OK>
<OK name="Tri minDist uvw->xyz Above Exterior"><DPoint3d>0.6094,4.3994,2.6652</DPoint3d></OK>
<OK name="Triangle Closest Point Above Corner"><DPoint3d>0.3,6.3,2.4</DPoint3d></OK>
<OK name="Tri minDist uvw->xyz Above Corner"><DPoint3d>0.3,6.3,2.4</DPoint3d></OK>
<OK name="Triangle Closest Point ON Interior"><DPoint3d>0.568222,4.39475,2.67992</DPoint3d></OK>
<OK name="Tri minDist uvw->xyz ON Interior"><DPoint3d>0.568222,4.39475,2.67992</DPoint3d></OK>
<OK name="Triangle Closest Point ON Edge"><DPoint3d>0.6094,4.3994,2.6652</DPoint3d></OK>
<OK name="Tri minDist uvw->xyz ON Edge"><DPoint3d>0.6094,4.3994,2.6652</DPoint3d></OK>
<OK name="Triangle Closest Point ON Exterior"><DPoint3d>0.6094,4.3994,2.6652</DPoint3d></OK>
<OK name="Tri minDist uvw->xyz ON Exterior"><DPoint3d>0.6094,4.3994,2.6652</DPoint3d></OK>
<OK name="Triangle Closest Point ON Corner"><DPoint3d>0.3,6.3,2.4</DPoint3d></OK>
<OK name="Tri minDist uvw->xyz ON Corner"><DPoint3d>0.3,6.3,2.4</DPoint3d></OK>
<OK name="Triangle Closest Point Below Interior"><DPoint3d>0.568222,4.39475,2.67992</DPoint3d></OK>
<OK name="Tri minDist uvw->xyz Below Interior"><DPoint3d>0.568222,4.39475,2.67992</DPoint3d></OK>
<OK name="Triangle Closest Point Below Edge"><DPoint3d>0.6094,4.3994,2.6652</DPoint3d></OK>
<OK name="Tri minDist uvw->xyz Below Edge"><DPoint3d>0.6094,4.3994,2.6652</DPoint3d></OK>
<OK name="Triangle Closest Point Below Exterior"><DPoint3d>0.6094,4.3994,2.6652</DPoint3d></OK>
<OK name="Tri minDist uvw->xyz Below Exterior"><DPoint3d>0.6094,4.3994,2.6652</DPoint3d></OK>
<OK name="Triangle Closest Point Below Corner"><DPoint3d>0.3,6.3,2.4</DPoint3d></OK>
<OK name="Tri minDist uvw->xyz Below Corner"><DPoint3d>0.3,6.3,2.4</DPoint3d></OK>
<OK name="unit square"><bool::true/></OK>
<OK name="Centroid"><DPoint3d>0.5,0.5,0</DPoint3d></OK>
<OK name="normal"<DVec3d>0,0,1</DVec3d>/>
<OK name="area"><double>1</double></OK>
<OK name="perimeter"><double>4</double></OK>
<OK name="rotated"><bool::true/></OK>
<OK name="Centroid"><DPoint3d>0.251792,-0.190672,0.643904</DPoint3d></OK>
<OK name="normal"<DVec3d>-0.0308105,0.253588,0.966821</DVec3d>/>
<OK name="area"><double>1</double></OK>
<OK name="perimeter"><double>4</double></OK>
<OK name="slit square"><bool::true/></OK>
<OK name="Centroid"><DPoint3d>0.5,0.5,0</DPoint3d></OK>
<OK name="normal"<DVec3d>0,0,1</DVec3d>/>
<OK name="area"><double>1</double></OK>
<OK name="perimeter"><double>6.82843</double></OK>
<OK name="rotated"><bool::true/></OK>
<OK name="Centroid"><DPoint3d>0.251792,-0.190672,0.643904</DPoint3d></OK>
<OK name="normal"<DVec3d>-0.0308105,0.253588,0.966821</DVec3d>/>
<OK name="area"><double>1</double></OK>
<OK name="perimeter"><double>6.82843</double></OK>
<OK name="l blocks"><bool::true/></OK>
<OK name="Centroid"><DPoint3d>0.833333,0.833333,0</DPoint3d></OK>
<OK name="normal"<DVec3d>0,0,1</DVec3d>/>
<OK name="area"><double>3</double></OK>
<OK name="perimeter"><double>8</double></OK>
<OK name="rotated"><bool::true/></OK>
<OK name="Centroid"><DPoint3d>0.632951,0.0803737,0.584958</DPoint3d></OK>
<OK name="normal"<DVec3d>-0.0308105,0.253588,0.966821</DVec3d>/>
<OK name="area"><double>3</double></OK>
<OK name="perimeter"><double>8</double></OK>
Hello world
Exit with 0 errors, 268 OK
